/cmmc/u/hmai/project-NiGBs/Ni-bulk-solute-AP/In/In_hdf5/In
Hostname: cmti059
Date: Thu 01 Dec 2022 12:48:54 AM CET
JobID: 4332778
